2026-09-14 23:03:22.293 [main] INFO  org.hibernate.orm.core - HHH000001: Hibernate ORM core version 7.4.5.Final
2026-09-14 23:03:22.737 [main] WARN  o.hibernate.orm.connections.pooling - HHH10001002: Using built-in connection pool (not intended for production use)
2026-09-14 23:03:23.231 [main] INFO  o.hibernate.orm.connections.pooling - HHH10001005: Database info:
	Database JDBC URL [jdbc:postgresql://localhost:5432/postgres]
	Database driver: PostgreSQL JDBC Driver
	Database dialect: PostgreSQLDialect
	Database version: 18.6
	Default catalog/schema: postgres/public
	Autocommit mode: false
	Isolation level: READ_COMMITTED
	JDBC fetch size: none
	Pool: DriverManagerConnectionProvider
	Minimum pool size: 1
	Maximum pool size: 20
2026-09-14 23:03:24.737 [main] INFO  org.hibernate.orm.core - HHH000489: No JTA platform available (set 'hibernate.transaction.jta.platform' to enable JTA platform integration)
2026-09-14 23:03:24.867 [main] WARN  o.hibernate.orm.connections.pooling - HHH10001002: Using built-in connection pool (not intended for production use)
2026-09-14 23:03:24.923 [main] INFO  o.hibernate.orm.connections.pooling - HHH10001005: Database info:
	Database JDBC URL [jdbc:postgresql://localhost:5432/postgres]
	Database driver: PostgreSQL JDBC Driver
	Database dialect: PostgreSQLDialect
	Database version: 18.6
	Default catalog/schema: postgres/public
	Autocommit mode: false
	Isolation level: READ_COMMITTED
	JDBC fetch size: none
	Pool: DriverManagerConnectionProvider
	Minimum pool size: 1
	Maximum pool size: 20
2026-09-14 23:03:24.967 [main] INFO  org.hibernate.orm.core - HHH000489: No JTA platform available (set 'hibernate.transaction.jta.platform' to enable JTA platform integration)
2026-09-14 23:03:25.010 [main] WARN  o.s.c.a.AnnotationConfigApplicationContext - Exception encountered during context initialization - cancelling refresh attempt: org.springframework.beans.factory.UnsatisfiedDependencyException: Error creating bean with name 'operationsConsoleListener' defined in file [C:\Users\Roman\Desktop\Kursov2sem\BankSoft\target\classes\applicationCore\controller\OperationsConsoleListener.class]: Unsatisfied dependency expressed through constructor parameter 1: Error creating bean with name 'userService' defined in file [C:\Users\Roman\Desktop\Kursov2sem\BankSoft\target\classes\applicationCore\service\UserService.class]: Unsatisfied dependency expressed through constructor parameter 1: Error creating bean with name 'accountService' defined in file [C:\Users\Roman\Desktop\Kursov2sem\BankSoft\target\classes\applicationCore\service\AccountService.class]: Unsatisfied dependency expressed through constructor parameter 2: Error creating bean with name 'userService': Requested bean is currently in creation: Is there an unresolvable circular reference or an asynchronous initialization dependency?
2026-09-14 23:08:27.369 [main] INFO  org.hibernate.orm.core - HHH000001: Hibernate ORM core version 7.4.5.Final
2026-09-14 23:08:27.759 [main] WARN  o.hibernate.orm.connections.pooling - HHH10001002: Using built-in connection pool (not intended for production use)
2026-09-14 23:08:28.126 [main] INFO  o.hibernate.orm.connections.pooling - HHH10001005: Database info:
	Database JDBC URL [jdbc:postgresql://localhost:5432/postgres]
	Database driver: PostgreSQL JDBC Driver
	Database dialect: PostgreSQLDialect
	Database version: 18.6
	Default catalog/schema: postgres/public
	Autocommit mode: false
	Isolation level: READ_COMMITTED
	JDBC fetch size: none
	Pool: DriverManagerConnectionProvider
	Minimum pool size: 1
	Maximum pool size: 20
2026-09-14 23:08:29.292 [main] INFO  org.hibernate.orm.core - HHH000489: No JTA platform available (set 'hibernate.transaction.jta.platform' to enable JTA platform integration)
2026-09-14 23:08:29.408 [main] WARN  o.hibernate.orm.connections.pooling - HHH10001002: Using built-in connection pool (not intended for production use)
2026-09-14 23:08:29.456 [main] INFO  o.hibernate.orm.connections.pooling - HHH10001005: Database info:
	Database JDBC URL [jdbc:postgresql://localhost:5432/postgres]
	Database driver: PostgreSQL JDBC Driver
	Database dialect: PostgreSQLDialect
	Database version: 18.6
	Default catalog/schema: postgres/public
	Autocommit mode: false
	Isolation level: READ_COMMITTED
	JDBC fetch size: none
	Pool: DriverManagerConnectionProvider
	Minimum pool size: 1
	Maximum pool size: 20
2026-09-14 23:08:29.503 [main] INFO  org.hibernate.orm.core - HHH000489: No JTA platform available (set 'hibernate.transaction.jta.platform' to enable JTA platform integration)
2026-09-14 23:08:29.532 [main] WARN  o.s.c.a.AnnotationConfigApplicationContext - Exception encountered during context initialization - cancelling refresh attempt: org.springframework.beans.factory.UnsatisfiedDependencyException: Error creating bean with name 'operationsConsoleListener' defined in file [C:\Users\Roman\Desktop\Kursov2sem\BankSoft\target\classes\applicationCore\controller\OperationsConsoleListener.class]: Unsatisfied dependency expressed through constructor parameter 1: Error creating bean with name 'userService' defined in file [C:\Users\Roman\Desktop\Kursov2sem\BankSoft\target\classes\applicationCore\service\UserService.class]: Unsatisfied dependency expressed through constructor parameter 1: Error creating bean with name 'accountService' defined in file [C:\Users\Roman\Desktop\Kursov2sem\BankSoft\target\classes\applicationCore\service\AccountService.class]: Unsatisfied dependency expressed through constructor parameter 2: Error creating bean with name 'userService': Requested bean is currently in creation: Is there an unresolvable circular reference or an asynchronous initialization dependency?
2026-09-14 23:10:21.756 [main] INFO  org.hibernate.orm.core - HHH000001: Hibernate ORM core version 7.4.5.Final
2026-09-14 23:10:22.157 [main] WARN  o.hibernate.orm.connections.pooling - HHH10001002: Using built-in connection pool (not intended for production use)
2026-09-14 23:10:22.523 [main] INFO  o.hibernate.orm.connections.pooling - HHH10001005: Database info:
	Database JDBC URL [jdbc:postgresql://localhost:5432/postgres]
	Database driver: PostgreSQL JDBC Driver
	Database dialect: PostgreSQLDialect
	Database version: 18.6
	Default catalog/schema: postgres/public
	Autocommit mode: false
	Isolation level: READ_COMMITTED
	JDBC fetch size: none
	Pool: DriverManagerConnectionProvider
	Minimum pool size: 1
	Maximum pool size: 20
2026-09-14 23:10:23.572 [main] INFO  org.hibernate.orm.core - HHH000489: No JTA platform available (set 'hibernate.transaction.jta.platform' to enable JTA platform integration)
2026-09-14 23:10:23.676 [main] WARN  o.hibernate.orm.connections.pooling - HHH10001002: Using built-in connection pool (not intended for production use)
2026-09-14 23:10:23.727 [main] INFO  o.hibernate.orm.connections.pooling - HHH10001005: Database info:
	Database JDBC URL [jdbc:postgresql://localhost:5432/postgres]
	Database driver: PostgreSQL JDBC Driver
	Database dialect: PostgreSQLDialect
	Database version: 18.6
	Default catalog/schema: postgres/public
	Autocommit mode: false
	Isolation level: READ_COMMITTED
	JDBC fetch size: none
	Pool: DriverManagerConnectionProvider
	Minimum pool size: 1
	Maximum pool size: 20
2026-09-14 23:10:23.771 [main] INFO  org.hibernate.orm.core - HHH000489: No JTA platform available (set 'hibernate.transaction.jta.platform' to enable JTA platform integration)
2026-09-14 23:12:44.875 [main] INFO  applicationCore.aop.HandlerLogger - Вызван метод: createUser
2026-09-14 23:12:50.432 [main] INFO  applicationCore.aop.HandlerLogger - Вызван метод: createUser
2026-09-14 23:12:50.434 [main] INFO  applicationCore.aop.HandlerLogger - Вызван метод: saveUser
2026-09-14 23:12:50.541 [main] ERROR applicationCore.aop.HandlerLogger - Выброшено исключение jakarta.persistence.PersistenceException: Такой пользователь уже существует в методе saveUser по причине Такой пользователь уже существует
2026-09-14 23:12:50.542 [main] ERROR applicationCore.aop.HandlerLogger - Выброшено исключение jakarta.persistence.PersistenceException: Такой пользователь уже существует в методе createUser по причине Такой пользователь уже существует
2026-09-14 23:12:50.542 [main] ERROR applicationCore.aop.HandlerLogger - Выброшено исключение jakarta.persistence.PersistenceException: Такой пользователь уже существует в методе createUser по причине Такой пользователь уже существует
2026-09-14 23:21:58.230 [main] INFO  org.hibernate.orm.core - HHH000001: Hibernate ORM core version 7.4.5.Final
2026-09-14 23:21:58.574 [main] WARN  o.hibernate.orm.connections.pooling - HHH10001002: Using built-in connection pool (not intended for production use)
2026-09-14 23:21:58.932 [main] INFO  o.hibernate.orm.connections.pooling - HHH10001005: Database info:
	Database JDBC URL [jdbc:postgresql://localhost:5432/postgres]
	Database driver: PostgreSQL JDBC Driver
	Database dialect: PostgreSQLDialect
	Database version: 18.6
	Default catalog/schema: postgres/public
	Autocommit mode: false
	Isolation level: READ_COMMITTED
	JDBC fetch size: none
	Pool: DriverManagerConnectionProvider
	Minimum pool size: 1
	Maximum pool size: 20
2026-09-14 23:22:00.181 [main] INFO  org.hibernate.orm.core - HHH000489: No JTA platform available (set 'hibernate.transaction.jta.platform' to enable JTA platform integration)
2026-09-14 23:22:00.321 [main] WARN  o.hibernate.orm.connections.pooling - HHH10001002: Using built-in connection pool (not intended for production use)
2026-09-14 23:22:00.379 [main] INFO  o.hibernate.orm.connections.pooling - HHH10001005: Database info:
	Database JDBC URL [jdbc:postgresql://localhost:5432/postgres]
	Database driver: PostgreSQL JDBC Driver
	Database dialect: PostgreSQLDialect
	Database version: 18.6
	Default catalog/schema: postgres/public
	Autocommit mode: false
	Isolation level: READ_COMMITTED
	JDBC fetch size: none
	Pool: DriverManagerConnectionProvider
	Minimum pool size: 1
	Maximum pool size: 20
2026-09-14 23:22:00.423 [main] INFO  org.hibernate.orm.core - HHH000489: No JTA platform available (set 'hibernate.transaction.jta.platform' to enable JTA platform integration)
2026-09-14 23:22:06.621 [main] INFO  applicationCore.aop.HandlerLogger - Вызван метод: createUser
2026-09-14 23:22:09.800 [main] INFO  applicationCore.aop.HandlerLogger - Вызван метод: createUser
2026-09-14 23:22:09.802 [main] INFO  applicationCore.aop.HandlerLogger - Вызван метод: createUser
2026-09-14 23:22:09.939 [main] INFO  applicationCore.aop.HandlerLogger - Успешно завершает работу метод: createUser. Время его работы: 137. 
2026-09-14 23:22:09.940 [main] INFO  applicationCore.aop.HandlerLogger - Вызван метод: createAccount
2026-09-14 23:22:09.940 [main] INFO  applicationCore.aop.HandlerLogger - Вызван метод: createAccount
2026-09-14 23:22:09.948 [main] INFO  applicationCore.aop.HandlerLogger - Успешно завершает работу метод: createAccount. Время его работы: 7. 
2026-09-14 23:22:09.948 [main] INFO  applicationCore.aop.HandlerLogger - Успешно завершает работу метод: createAccount. Время его работы: 8. 
2026-09-14 23:22:09.948 [main] INFO  applicationCore.aop.HandlerLogger - Успешно завершает работу метод: createUser. Время его работы: 147. 
2026-09-14 23:22:09.948 [main] INFO  applicationCore.aop.HandlerLogger - Успешно завершает работу метод: createUser. Время его работы: 3326. 
2026-09-14 23:22:20.250 [main] INFO  applicationCore.aop.HandlerLogger - Вызван метод: createAccount
2026-09-14 23:22:23.479 [main] INFO  applicationCore.aop.HandlerLogger - Вызван метод: getUserId
2026-09-14 23:22:23.480 [main] INFO  applicationCore.aop.HandlerLogger - Вызван метод: getUserID
2026-09-14 23:22:23.887 [main] ERROR applicationCore.aop.HandlerLogger - Выброшено исключение java.lang.IllegalArgumentException: No parameter labelled '?1' in query with ordinal parameters [] в методе getUserID по причине No parameter labelled '?1' in query with ordinal parameters []
2026-09-14 23:22:23.887 [main] ERROR applicationCore.aop.HandlerLogger - Выброшено исключение java.lang.IllegalArgumentException: No parameter labelled '?1' in query with ordinal parameters [] в методе getUserId по причине No parameter labelled '?1' in query with ordinal parameters []
2026-09-14 23:22:23.888 [main] ERROR applicationCore.aop.HandlerLogger - Выброшено исключение java.lang.IllegalArgumentException: No parameter labelled '?1' in query with ordinal parameters [] в методе createAccount по причине No parameter labelled '?1' in query with ordinal parameters []
2026-09-14 23:24:55.695 [main] INFO  applicationCore.aop.HandlerLogger - Вызван метод: accountClose
2026-09-14 23:24:58.495 [main] INFO  applicationCore.aop.HandlerLogger - Вызван метод: getUserId
2026-09-14 23:24:58.496 [main] INFO  applicationCore.aop.HandlerLogger - Вызван метод: getUserID
2026-09-14 23:24:58.498 [main] ERROR applicationCore.aop.HandlerLogger - Выброшено исключение java.lang.IllegalArgumentException: No parameter labelled '?1' in query with ordinal parameters [] в методе getUserID по причине No parameter labelled '?1' in query with ordinal parameters []
2026-09-14 23:24:58.498 [main] ERROR applicationCore.aop.HandlerLogger - Выброшено исключение java.lang.IllegalArgumentException: No parameter labelled '?1' in query with ordinal parameters [] в методе getUserId по причине No parameter labelled '?1' in query with ordinal parameters []
2026-09-14 23:24:58.498 [main] ERROR applicationCore.aop.HandlerLogger - Выброшено исключение java.lang.IllegalArgumentException: No parameter labelled '?1' in query with ordinal parameters [] в методе accountClose по причине No parameter labelled '?1' in query with ordinal parameters []
2026-09-14 23:31:19.896 [main] INFO  org.hibernate.orm.core - HHH000001: Hibernate ORM core version 7.4.5.Final
2026-09-14 23:31:20.245 [main] WARN  o.hibernate.orm.connections.pooling - HHH10001002: Using built-in connection pool (not intended for production use)
2026-09-14 23:31:20.582 [main] INFO  o.hibernate.orm.connections.pooling - HHH10001005: Database info:
	Database JDBC URL [jdbc:postgresql://localhost:5432/postgres]
	Database driver: PostgreSQL JDBC Driver
	Database dialect: PostgreSQLDialect
	Database version: 18.6
	Default catalog/schema: postgres/public
	Autocommit mode: false
	Isolation level: READ_COMMITTED
	JDBC fetch size: none
	Pool: DriverManagerConnectionProvider
	Minimum pool size: 1
	Maximum pool size: 20
2026-09-14 23:31:21.759 [main] INFO  org.hibernate.orm.core - HHH000489: No JTA platform available (set 'hibernate.transaction.jta.platform' to enable JTA platform integration)
2026-09-14 23:31:21.942 [main] WARN  o.hibernate.orm.connections.pooling - HHH10001002: Using built-in connection pool (not intended for production use)
2026-09-14 23:31:21.996 [main] INFO  o.hibernate.orm.connections.pooling - HHH10001005: Database info:
	Database JDBC URL [jdbc:postgresql://localhost:5432/postgres]
	Database driver: PostgreSQL JDBC Driver
	Database dialect: PostgreSQLDialect
	Database version: 18.6
	Default catalog/schema: postgres/public
	Autocommit mode: false
	Isolation level: READ_COMMITTED
	JDBC fetch size: none
	Pool: DriverManagerConnectionProvider
	Minimum pool size: 1
	Maximum pool size: 20
2026-09-14 23:31:22.034 [main] INFO  org.hibernate.orm.core - HHH000489: No JTA platform available (set 'hibernate.transaction.jta.platform' to enable JTA platform integration)
2026-09-14 23:31:29.059 [main] INFO  applicationCore.aop.HandlerLogger - Вызван метод: createUser
2026-09-14 23:31:32.425 [main] INFO  applicationCore.aop.HandlerLogger - Вызван метод: createUser
2026-09-14 23:31:32.426 [main] INFO  applicationCore.aop.HandlerLogger - Вызван метод: createUser
2026-09-14 23:31:32.565 [main] INFO  applicationCore.aop.HandlerLogger - Успешно завершает работу метод: createUser. Время его работы: 138. 
2026-09-14 23:31:32.565 [main] INFO  applicationCore.aop.HandlerLogger - Вызван метод: createAccount
2026-09-14 23:31:32.567 [main] INFO  applicationCore.aop.HandlerLogger - Вызван метод: createAccount
2026-09-14 23:31:32.580 [main] INFO  applicationCore.aop.HandlerLogger - Успешно завершает работу метод: createAccount. Время его работы: 13. 
2026-09-14 23:31:32.580 [main] INFO  applicationCore.aop.HandlerLogger - Успешно завершает работу метод: createAccount. Время его работы: 14. 
2026-09-14 23:31:32.580 [main] INFO  applicationCore.aop.HandlerLogger - Успешно завершает работу метод: createUser. Время его работы: 155. 
2026-09-14 23:31:32.581 [main] INFO  applicationCore.aop.HandlerLogger - Успешно завершает работу метод: createUser. Время его работы: 3521. 
2026-09-14 23:31:40.817 [main] INFO  applicationCore.aop.HandlerLogger - Вызван метод: createAccount
2026-09-14 23:31:44.106 [main] INFO  applicationCore.aop.HandlerLogger - Вызван метод: getUserId
2026-09-14 23:31:44.107 [main] INFO  applicationCore.aop.HandlerLogger - Вызван метод: getUserID
2026-09-14 23:31:44.600 [main] INFO  applicationCore.aop.HandlerLogger - Успешно завершает работу метод: getUserID. Время его работы: 493. 
2026-09-14 23:31:44.601 [main] INFO  applicationCore.aop.HandlerLogger - Успешно завершает работу метод: getUserId. Время его работы: 494. 
2026-09-14 23:31:44.601 [main] INFO  applicationCore.aop.HandlerLogger - Вызван метод: createAccount
2026-09-14 23:31:44.601 [main] INFO  applicationCore.aop.HandlerLogger - Вызван метод: createAccount
2026-09-14 23:31:44.606 [main] INFO  applicationCore.aop.HandlerLogger - Успешно завершает работу метод: createAccount. Время его работы: 5. 
2026-09-14 23:31:44.606 [main] INFO  applicationCore.aop.HandlerLogger - Успешно завершает работу метод: createAccount. Время его работы: 5. 
2026-09-14 23:31:44.606 [main] INFO  applicationCore.aop.HandlerLogger - Успешно завершает работу метод: createAccount. Время его работы: 3788. 
2026-09-14 23:31:58.017 [main] INFO  applicationCore.aop.HandlerLogger - Вызван метод: showAllUsers
2026-09-14 23:31:58.018 [main] INFO  applicationCore.aop.HandlerLogger - Вызван метод: showAllUsers
2026-09-14 23:31:58.019 [main] INFO  applicationCore.aop.HandlerLogger - Вызван метод: getAllUser
2026-09-14 23:31:58.026 [main] INFO  applicationCore.aop.HandlerLogger - Успешно завершает работу метод: getAllUser. Время его работы: 7. 
2026-09-14 23:31:58.027 [main] INFO  applicationCore.aop.HandlerLogger - Успешно завершает работу метод: showAllUsers. Время его работы: 9. 
2026-09-14 23:31:58.027 [main] INFO  applicationCore.aop.HandlerLogger - Успешно завершает работу метод: showAllUsers. Время его работы: 10. 
